
> iron-tailor@1.0.0 build
> vite build

[36mvite v5.4.21 [32mbuilding for production...[36m[39m
transforming...
[32mΓ£ô[39m 19 modules transformed.
node.exe : [31mx[39m 
Build failed in 1.14s
At line:1 char:1
+ & "C:\Program 
Files\nodejs/node.exe" 
"C:\Program 
Files\nodejs/node_mo 
...
+ ~~~~~~~~~~~~~~~~~~~~~
~~~~~~~~~~~~~~~~~~~~~~~
~~~~~~~~~~~~~~~~~~~~~~~
~~
    + CategoryInfo     
         : NotSpecifi  
  ed: ([31mx[39m B   
 uild failed in 1.1    
4s:String) [], Rem    
oteException
    + FullyQualifiedEr 
   rorId : NativeComm  
  andError
 
[31merror during 
build:
[31m[vite:esbuild] 
Transform failed with 
1 error:
C:/Users/prata/Download
s/Crest Purchase/src/la
youts/AdminLayout.jsx:3
3:2: ERROR: The symbol 
"Truck" has already 
been declared[31m
file: [36mC:/Users/pra
ta/Downloads/Crest Purc
hase/src/layouts/AdminL
ayout.jsx:33:2[31m
[33m
[33mThe symbol 
"Truck" has already 
been declared[33m
31 |    CheckSquare,
32 |    Send,
33 |    Truck,
   |    ^
34 |    FileCheck,
35 |    ClipboardCheck,
[31m
    at 
failureErrorWithLog (C:
\Users\prata\Downloads\
Crest Purchase\node_mod
ules\esbuild\lib\main.j
s:1472:15)
    at C:\Users\prata\D
ownloads\Crest Purchase
\node_modules\esbuild\l
ib\main.js:755:50
    at responseCallback
s.<computed> (C:\Users\
prata\Downloads\Crest P
urchase\node_modules\es
build\lib\main.js:622:9
)
    at 
handleIncomingPacket (C
:\Users\prata\Downloads
\Crest Purchase\node_mo
dules\esbuild\lib\main.
js:677:12)
    at 
Socket.readFromStdout (
C:\Users\prata\Download
s\Crest Purchase\node_m
odules\esbuild\lib\main
.js:600:7)
    at Socket.emit 
(node:events:508:28)
    at addChunk (node:i
nternal/streams/readabl
e:559:12)
    at readableAddChunk
PushByteMode (node:inte
rnal/streams/readable:5
10:3)
    at Readable.push (n
ode:internal/streams/re
adable:390:5)
    at 
Pipe.onStreamRead (node
:internal/stream_base_c
ommons:189:23)[39m
